// Jest Snapshot v1, https://goo.gl/fbAQLP

exports[`Registrerdeg komponent har riktig innhold og struktur 1`] = `
<div>
  <div
    className="panel panel-info blokk-l"
  >
    <h1
      className="typo-sidetittel overskrift-panel-info info-sirkel-bla"
    >
      <span>
        Registrer deg som arbeidssøker
      </span>
    </h1>
    <p
      className="typo-normal blokk-xs"
    >
      <span>
        Når du registrerer deg får flere fordeler:
      </span>
    </p>
    <ul
      className="typo-normal blokk-xs"
    >
      <li>
        <span>
          du får hjelp til å komme i jobb
        </span>
      </li>
      <li>
        <span>
          du kan søke om dagpenger eller annen økonomisk støtte
        </span>
      </li>
      <li>
        <span>
          arbeidsgivere finner deg i CV-basen vår
        </span>
      </li>
      <li>
        <span>
          du kan abonnere på ledige stillinger
        </span>
      </li>
    </ul>
    <p
      className="typo-normal registrerdeg-tips blokk-xl"
    >
      <span>
        Tips: Fullfør registrering først, så kan du søke om dagpenger.
      </span>
    </p>
  </div>
  <div
    className="panel-info__knapperad"
  >
    <button
      className="knapp knapp knapp--hoved knapp--hoved"
      disabled={false}
      onClick={[Function]}
      type="submit"
    >
      <span>
        Start registrering
      </span>
    </button>
  </div>
</div>
`;
